39f238bc0075cd059f54465e454c6bf1  REQ_AFGR20Y2014.asn1.txt
39f238bc0075cd059f54465e454c6bf1  REQ_AFGZC698014.asn1.txt
39f238bc0075cd059f54465e454c6bf1  REQ_AFH7KW4T014.asn1.txt
39f238bc0075cd059f54465e454c6bf1  REQ_AFRMB1FB014.asn1.txt
39f238bc0075cd059f54465e454c6bf1  REQ_AHGPFZ41014.asn1.txt
42061da0f358bc1fe740d38dec897336  REQ_AFHUBU1A014.asn1.txt
74fe7ae8e9c8bdd0e0601141f1e07823  REQ_AFEYMNXU014.asn1.txt
98e0ed3979c589e604d0dcd9d4c3c907  REQ_AFM1ENKX014.asn1.txt
bc42cf93ae0384bb0635cf371075ed7e  REQ_AFGTGUC8014.asn1.txt
f295cfeb5f85fe245b3228be0e5e58a0  REQ_AFGY32H0014.asn1.txt
