39f238bc0075cd059f54465e454c6bf1  REQ_AFGR20Y2014.asn1.txt
39f238bc0075cd059f54465e454c6bf1  REQ_AFGZC698014.asn1.txt
39f238bc0075cd059f54465e454c6bf1  REQ_AFH7KW4T014.asn1.txt
39f238bc0075cd059f54465e454c6bf1  REQ_AFRMB1FB014.asn1.txt
39f238bc0075cd059f54465e454c6bf1  REQ_AHGPFZ41014.asn1.txt
42061da0f358bc1fe740d38dec897336  REQ_AFHUBU1A014.asn1.txt
70e116855ea3192e7bb2f750f8e7eab9  REQ_AFGY32H0014.asn1
74fe7ae8e9c8bdd0e0601141f1e07823  REQ_AFEYMNXU014.asn1.txt
901ba725198562ed82a970a1708c599e  REQ_AFGTGUC8014.asn1
98e0ed3979c589e604d0dcd9d4c3c907  REQ_AFM1ENKX014.asn1.txt
9bc116c59a3e7dc1da47eb2ef10fd927  REQ_AFGR20Y2014.asn1
9bc116c59a3e7dc1da47eb2ef10fd927  REQ_AFGZC698014.asn1
9bc116c59a3e7dc1da47eb2ef10fd927  REQ_AFH7KW4T014.asn1
9bc116c59a3e7dc1da47eb2ef10fd927  REQ_AFRMB1FB014.asn1
9bc116c59a3e7dc1da47eb2ef10fd927  REQ_AHGPFZ41014.asn1
bc42cf93ae0384bb0635cf371075ed7e  REQ_AFGTGUC8014.asn1.txt
cc59881fde17b2033c0163cdec412c4a  REQ_AFHUBU1A014.asn1
e1af44793e2f8d56968e2490157e6a33  REQ_AFM1ENKX014.asn1
eaac864d9495aec0d66cb4b145a4332f  REQ_AFEYMNXU014.asn1
f295cfeb5f85fe245b3228be0e5e58a0  REQ_AFGY32H0014.asn1.txt
