Seq-annot ::= {
  data
    align {
      {
        type partial ,
        dim 2 ,
        score {
          {
            id
              str "score" ,
            value
              int 246 } ,
          {
            id
              str "blast_score" ,
            value
              int 246 } ,
          {
            id
              str "e_value" ,
            value
              real { 324057478, 10, -132 } } ,
          {
            id
              str "bit_score" ,
            value
              real { 455396108, 10, -6 } } ,
          {
            id
              str "num_ident" ,
            value
              int 252 } ,
          {
            id
              str "hsp_percent_coverage" ,
            value
              real { 974581749, 10, -7 } } } ,
        segs
          denseg {
            dim 2 ,
            numseg 1 ,
            ids {
              local
                str "query" ,
              gi 664618010 } ,
            starts {
              0 ,
              378724 } ,
            lens {
              255 } ,
            strands {
              plus ,
              plus } } } ,
      {
        type partial ,
        dim 2 ,
        score {
          {
            id
              str "score" ,
            value
              int 246 } ,
          {
            id
              str "blast_score" ,
            value
              int 246 } ,
          {
            id
              str "e_value" ,
            value
              real { 324057478, 10, -132 } } ,
          {
            id
              str "bit_score" ,
            value
              real { 455396108, 10, -6 } } ,
          {
            id
              str "num_ident" ,
            value
              int 252 } ,
          {
            id
              str "hsp_percent_coverage" ,
            value
              real { 974581749, 10, -7 } } } ,
        segs
          denseg {
            dim 2 ,
            numseg 1 ,
            ids {
              local
                str "query" ,
              gi 46094945 } ,
            starts {
              0 ,
              21 } ,
            lens {
              255 } ,
            strands {
              plus ,
              plus } } } ,
      {
        type partial ,
        dim 2 ,
        score {
          {
            id
              str "score" ,
            value
              int 246 } ,
          {
            id
              str "blast_score" ,
            value
              int 246 } ,
          {
            id
              str "e_value" ,
            value
              real { 324057478, 10, -132 } } ,
          {
            id
              str "bit_score" ,
            value
              real { 455396108, 10, -6 } } ,
          {
            id
              str "num_ident" ,
            value
              int 252 } ,
          {
            id
              str "hsp_percent_coverage" ,
            value
              real { 974581749, 10, -7 } } } ,
        segs
          denseg {
            dim 2 ,
            numseg 1 ,
            ids {
              local
                str "query" ,
              gi 46094909 } ,
            starts {
              0 ,
              21 } ,
            lens {
              255 } ,
            strands {
              plus ,
              plus } } } ,
      {
        type partial ,
        dim 2 ,
        score {
          {
            id
              str "score" ,
            value
              int 246 } ,
          {
            id
              str "blast_score" ,
            value
              int 246 } ,
          {
            id
              str "e_value" ,
            value
              real { 324057478, 10, -132 } } ,
          {
            id
              str "bit_score" ,
            value
              real { 455396108, 10, -6 } } ,
          {
            id
              str "num_ident" ,
            value
              int 252 } ,
          {
            id
              str "hsp_percent_coverage" ,
            value
              real { 974581749, 10, -7 } } } ,
        segs
          denseg {
            dim 2 ,
            numseg 1 ,
            ids {
              local
                str "query" ,
              gi 1000816997 } ,
            starts {
              0 ,
              993441 } ,
            lens {
              255 } ,
            strands {
              plus ,
              plus } } } ,
      {
        type partial ,
        dim 2 ,
        score {
          {
            id
              str "score" ,
            value
              int 246 } ,
          {
            id
              str "blast_score" ,
            value
              int 246 } ,
          {
            id
              str "e_value" ,
            value
              real { 324057478, 10, -132 } } ,
          {
            id
              str "bit_score" ,
            value
              real { 455396108, 10, -6 } } ,
          {
            id
              str "num_ident" ,
            value
              int 252 } ,
          {
            id
              str "hsp_percent_coverage" ,
            value
              real { 974581749, 10, -7 } } } ,
        segs
          denseg {
            dim 2 ,
            numseg 1 ,
            ids {
              local
                str "query" ,
              gi 1269144269 } ,
            starts {
              0 ,
              370826 } ,
            lens {
              255 } ,
            strands {
              plus ,
              plus } } } ,
      {
        type partial ,
        dim 2 ,
        score {
          {
            id
              str "score" ,
            value
              int 246 } ,
          {
            id
              str "blast_score" ,
            value
              int 246 } ,
          {
            id
              str "e_value" ,
            value
              real { 324057478, 10, -132 } } ,
          {
            id
              str "bit_score" ,
            value
              real { 455396108, 10, -6 } } ,
          {
            id
              str "num_ident" ,
            value
              int 252 } ,
          {
            id
              str "hsp_percent_coverage" ,
            value
              real { 974581749, 10, -7 } } } ,
        segs
          denseg {
            dim 2 ,
            numseg 1 ,
            ids {
              local
                str "query" ,
              gi 1269142352 } ,
            starts {
              0 ,
              370029 } ,
            lens {
              255 } ,
            strands {
              plus ,
              plus } } } ,
      {
        type partial ,
        dim 2 ,
        score {
          {
            id
              str "score" ,
            value
              int 246 } ,
          {
            id
              str "blast_score" ,
            value
              int 246 } ,
          {
            id
              str "e_value" ,
            value
              real { 324057478, 10, -132 } } ,
          {
            id
              str "bit_score" ,
            value
              real { 455396108, 10, -6 } } ,
          {
            id
              str "num_ident" ,
            value
              int 252 } ,
          {
            id
              str "hsp_percent_coverage" ,
            value
              real { 974581749, 10, -7 } } } ,
        segs
          denseg {
            dim 2 ,
            numseg 1 ,
            ids {
              local
                str "query" ,
              gi 1269140438 } ,
            starts {
              0 ,
              370489 } ,
            lens {
              255 } ,
            strands {
              plus ,
              plus } } } ,
      {
        type partial ,
        dim 2 ,
        score {
          {
            id
              str "score" ,
            value
              int 246 } ,
          {
            id
              str "blast_score" ,
            value
              int 246 } ,
          {
            id
              str "e_value" ,
            value
              real { 324057478, 10, -132 } } ,
          {
            id
              str "bit_score" ,
            value
              real { 455396108, 10, -6 } } ,
          {
            id
              str "num_ident" ,
            value
              int 252 } ,
          {
            id
              str "hsp_percent_coverage" ,
            value
              real { 974581749, 10, -7 } } } ,
        segs
          denseg {
            dim 2 ,
            numseg 1 ,
            ids {
              local
                str "query" ,
              gi 1269138526 } ,
            starts {
              0 ,
              370728 } ,
            lens {
              255 } ,
            strands {
              plus ,
              plus } } } ,
      {
        type partial ,
        dim 2 ,
        score {
          {
            id
              str "score" ,
            value
              int 246 } ,
          {
            id
              str "blast_score" ,
            value
              int 246 } ,
          {
            id
              str "e_value" ,
            value
              real { 324057478, 10, -132 } } ,
          {
            id
              str "bit_score" ,
            value
              real { 455396108, 10, -6 } } ,
          {
            id
              str "num_ident" ,
            value
              int 252 } ,
          {
            id
              str "hsp_percent_coverage" ,
            value
              real { 974581749, 10, -7 } } } ,
        segs
          denseg {
            dim 2 ,
            numseg 1 ,
            ids {
              local
                str "query" ,
              gi 1269136638 } ,
            starts {
              0 ,
              916992 } ,
            lens {
              255 } ,
            strands {
              plus ,
              plus } } } ,
      {
        type partial ,
        dim 2 ,
        score {
          {
            id
              str "score" ,
            value
              int 246 } ,
          {
            id
              str "blast_score" ,
            value
              int 246 } ,
          {
            id
              str "e_value" ,
            value
              real { 324057478, 10, -132 } } ,
          {
            id
              str "bit_score" ,
            value
              real { 455396108, 10, -6 } } ,
          {
            id
              str "num_ident" ,
            value
              int 252 } ,
          {
            id
              str "hsp_percent_coverage" ,
            value
              real { 974581749, 10, -7 } } } ,
        segs
          denseg {
            dim 2 ,
            numseg 1 ,
            ids {
              local
                str "query" ,
              gi 1269132679 } ,
            starts {
              0 ,
              950281 } ,
            lens {
              255 } ,
            strands {
              plus ,
              plus } } } ,
      {
        type partial ,
        dim 2 ,
        score {
          {
            id
              str "score" ,
            value
              int 243 } ,
          {
            id
              str "blast_score" ,
            value
              int 243 } ,
          {
            id
              str "e_value" ,
            value
              real { 150769279, 10, -130 } } ,
          {
            id
              str "bit_score" ,
            value
              real { 449856159, 10, -6 } } ,
          {
            id
              str "num_ident" ,
            value
              int 251 } ,
          {
            id
              str "hsp_percent_coverage" ,
            value
              real { 974581749, 10, -7 } } } ,
        segs
          denseg {
            dim 2 ,
            numseg 1 ,
            ids {
              local
                str "query" ,
              gi 1185661378 } ,
            starts {
              0 ,
              378700 } ,
            lens {
              255 } ,
            strands {
              plus ,
              plus } } } ,
      {
        type partial ,
        dim 2 ,
        score {
          {
            id
              str "score" ,
            value
              int 243 } ,
          {
            id
              str "blast_score" ,
            value
              int 243 } ,
          {
            id
              str "e_value" ,
            value
              real { 150769279, 10, -130 } } ,
          {
            id
              str "bit_score" ,
            value
              real { 449856159, 10, -6 } } ,
          {
            id
              str "num_ident" ,
            value
              int 251 } ,
          {
            id
              str "hsp_percent_coverage" ,
            value
              real { 974581749, 10, -7 } } } ,
        segs
          denseg {
            dim 2 ,
            numseg 1 ,
            ids {
              local
                str "query" ,
              gi 1181547672 } ,
            starts {
              0 ,
              378696 } ,
            lens {
              255 } ,
            strands {
              plus ,
              plus } } } ,
      {
        type partial ,
        dim 2 ,
        score {
          {
            id
              str "score" ,
            value
              int 243 } ,
          {
            id
              str "blast_score" ,
            value
              int 243 } ,
          {
            id
              str "e_value" ,
            value
              real { 150769279, 10, -130 } } ,
          {
            id
              str "bit_score" ,
            value
              real { 449856159, 10, -6 } } ,
          {
            id
              str "num_ident" ,
            value
              int 251 } ,
          {
            id
              str "hsp_percent_coverage" ,
            value
              real { 974581749, 10, -7 } } } ,
        segs
          denseg {
            dim 2 ,
            numseg 1 ,
            ids {
              local
                str "query" ,
              gi 46094887 } ,
            starts {
              0 ,
              21 } ,
            lens {
              255 } ,
            strands {
              plus ,
              plus } } } ,
      {
        type partial ,
        dim 2 ,
        score {
          {
            id
              str "score" ,
            value
              int 243 } ,
          {
            id
              str "blast_score" ,
            value
              int 243 } ,
          {
            id
              str "e_value" ,
            value
              real { 150769279, 10, -130 } } ,
          {
            id
              str "bit_score" ,
            value
              real { 449856159, 10, -6 } } ,
          {
            id
              str "num_ident" ,
            value
              int 251 } ,
          {
            id
              str "hsp_percent_coverage" ,
            value
              real { 974581749, 10, -7 } } } ,
        segs
          denseg {
            dim 2 ,
            numseg 1 ,
            ids {
              local
                str "query" ,
              gi 46094884 } ,
            starts {
              0 ,
              21 } ,
            lens {
              255 } ,
            strands {
              plus ,
              plus } } } ,
      {
        type partial ,
        dim 2 ,
        score {
          {
            id
              str "score" ,
            value
              int 243 } ,
          {
            id
              str "blast_score" ,
            value
              int 243 } ,
          {
            id
              str "e_value" ,
            value
              real { 150769279, 10, -130 } } ,
          {
            id
              str "bit_score" ,
            value
              real { 449856159, 10, -6 } } ,
          {
            id
              str "num_ident" ,
            value
              int 251 } ,
          {
            id
              str "hsp_percent_coverage" ,
            value
              real { 974581749, 10, -7 } } } ,
        segs
          denseg {
            dim 2 ,
            numseg 1 ,
            ids {
              local
                str "query" ,
              gi 1101511783 } ,
            starts {
              0 ,
              378693 } ,
            lens {
              255 } ,
            strands {
              plus ,
              plus } } } ,
      {
        type partial ,
        dim 2 ,
        score {
          {
            id
              str "score" ,
            value
              int 243 } ,
          {
            id
              str "blast_score" ,
            value
              int 243 } ,
          {
            id
              str "e_value" ,
            value
              real { 150769279, 10, -130 } } ,
          {
            id
              str "bit_score" ,
            value
              real { 449856159, 10, -6 } } ,
          {
            id
              str "num_ident" ,
            value
              int 251 } ,
          {
            id
              str "hsp_percent_coverage" ,
            value
              real { 974581749, 10, -7 } } } ,
        segs
          denseg {
            dim 2 ,
            numseg 1 ,
            ids {
              local
                str "query" ,
              gi 161761570 } ,
            starts {
              0 ,
              454646 } ,
            lens {
              255 } ,
            strands {
              plus ,
              plus } } } ,
      {
        type partial ,
        dim 2 ,
        score {
          {
            id
              str "score" ,
            value
              int 243 } ,
          {
            id
              str "blast_score" ,
            value
              int 243 } ,
          {
            id
              str "e_value" ,
            value
              real { 150769279, 10, -130 } } ,
          {
            id
              str "bit_score" ,
            value
              real { 449856159, 10, -6 } } ,
          {
            id
              str "num_ident" ,
            value
              int 251 } ,
          {
            id
              str "hsp_percent_coverage" ,
            value
              real { 974581749, 10, -7 } } } ,
        segs
          denseg {
            dim 2 ,
            numseg 1 ,
            ids {
              local
                str "query" ,
              gi 803378143 } ,
            starts {
              0 ,
              378750 } ,
            lens {
              255 } ,
            strands {
              plus ,
              plus } } } ,
      {
        type partial ,
        dim 2 ,
        score {
          {
            id
              str "score" ,
            value
              int 240 } ,
          {
            id
              str "blast_score" ,
            value
              int 240 } ,
          {
            id
              str "e_value" ,
            value
              real { 701461224, 10, -129 } } ,
          {
            id
              str "bit_score" ,
            value
              real { 44431621, 10, -5 } } ,
          {
            id
              str "num_ident" ,
            value
              int 250 } ,
          {
            id
              str "hsp_percent_coverage" ,
            value
              real { 974581749, 10, -7 } } } ,
        segs
          denseg {
            dim 2 ,
            numseg 1 ,
            ids {
              local
                str "query" ,
              gi 61613861 } ,
            starts {
              0 ,
              22 } ,
            lens {
              255 } ,
            strands {
              plus ,
              plus } } } ,
      {
        type partial ,
        dim 2 ,
        score {
          {
            id
              str "score" ,
            value
              int 240 } ,
          {
            id
              str "blast_score" ,
            value
              int 240 } ,
          {
            id
              str "e_value" ,
            value
              real { 701461224, 10, -129 } } ,
          {
            id
              str "bit_score" ,
            value
              real { 44431621, 10, -5 } } ,
          {
            id
              str "num_ident" ,
            value
              int 250 } ,
          {
            id
              str "hsp_percent_coverage" ,
            value
              real { 974581749, 10, -7 } } } ,
        segs
          denseg {
            dim 2 ,
            numseg 1 ,
            ids {
              local
                str "query" ,
              gi 154355007 } ,
            starts {
              0 ,
              1643027 } ,
            lens {
              255 } ,
            strands {
              minus ,
              plus } } } ,
      {
        type partial ,
        dim 2 ,
        score {
          {
            id
              str "score" ,
            value
              int 240 } ,
          {
            id
              str "blast_score" ,
            value
              int 240 } ,
          {
            id
              str "e_value" ,
            value
              real { 701461224, 10, -129 } } ,
          {
            id
              str "bit_score" ,
            value
              real { 44431621, 10, -5 } } ,
          {
            id
              str "num_ident" ,
            value
              int 250 } ,
          {
            id
              str "hsp_percent_coverage" ,
            value
              real { 974581749, 10, -7 } } } ,
        segs
          denseg {
            dim 2 ,
            numseg 1 ,
            ids {
              local
                str "query" ,
              gi 46094896 } ,
            starts {
              0 ,
              21 } ,
            lens {
              255 } ,
            strands {
              plus ,
              plus } } } ,
      {
        type partial ,
        dim 2 ,
        score {
          {
            id
              str "score" ,
            value
              int 240 } ,
          {
            id
              str "blast_score" ,
            value
              int 240 } ,
          {
            id
              str "e_value" ,
            value
              real { 701461224, 10, -129 } } ,
          {
            id
              str "bit_score" ,
            value
              real { 44431621, 10, -5 } } ,
          {
            id
              str "num_ident" ,
            value
              int 249 } ,
          {
            id
              str "hsp_percent_coverage" ,
            value
              real { 974581749, 10, -7 } } } ,
        segs
          denseg {
            dim 2 ,
            numseg 1 ,
            ids {
              local
                str "query" ,
              gi 1000827493 } ,
            starts {
              0 ,
              933718 } ,
            lens {
              255 } ,
            strands {
              plus ,
              plus } } } ,
      {
        type partial ,
        dim 2 ,
        score {
          {
            id
              str "score" ,
            value
              int 240 } ,
          {
            id
              str "blast_score" ,
            value
              int 240 } ,
          {
            id
              str "e_value" ,
            value
              real { 701461224, 10, -129 } } ,
          {
            id
              str "bit_score" ,
            value
              real { 44431621, 10, -5 } } ,
          {
            id
              str "num_ident" ,
            value
              int 250 } ,
          {
            id
              str "hsp_percent_coverage" ,
            value
              real { 974581749, 10, -7 } } } ,
        segs
          denseg {
            dim 2 ,
            numseg 1 ,
            ids {
              local
                str "query" ,
              gi 697779752 } ,
            starts {
              0 ,
              1591219 } ,
            lens {
              255 } ,
            strands {
              minus ,
              plus } } } ,
      {
        type partial ,
        dim 2 ,
        score {
          {
            id
              str "score" ,
            value
              int 240 } ,
          {
            id
              str "blast_score" ,
            value
              int 240 } ,
          {
            id
              str "e_value" ,
            value
              real { 701461224, 10, -129 } } ,
          {
            id
              str "bit_score" ,
            value
              real { 44431621, 10, -5 } } ,
          {
            id
              str "num_ident" ,
            value
              int 250 } ,
          {
            id
              str "hsp_percent_coverage" ,
            value
              real { 974581749, 10, -7 } } } ,
        segs
          denseg {
            dim 2 ,
            numseg 1 ,
            ids {
              local
                str "query" ,
              gi 1269149989 } ,
            starts {
              0 ,
              1542994 } ,
            lens {
              255 } ,
            strands {
              minus ,
              plus } } } ,
      {
        type partial ,
        dim 2 ,
        score {
          {
            id
              str "score" ,
            value
              int 240 } ,
          {
            id
              str "blast_score" ,
            value
              int 240 } ,
          {
            id
              str "e_value" ,
            value
              real { 701461224, 10, -129 } } ,
          {
            id
              str "bit_score" ,
            value
              real { 44431621, 10, -5 } } ,
          {
            id
              str "num_ident" ,
            value
              int 249 } ,
          {
            id
              str "hsp_percent_coverage" ,
            value
              real { 974581749, 10, -7 } } } ,
        segs
          denseg {
            dim 2 ,
            numseg 1 ,
            ids {
              local
                str "query" ,
              gi 1269134674 } ,
            starts {
              0 ,
              941403 } ,
            lens {
              255 } ,
            strands {
              plus ,
              plus } } } ,
      {
        type partial ,
        dim 2 ,
        score {
          {
            id
              str "score" ,
            value
              int 237 } ,
          {
            id
              str "blast_score" ,
            value
              int 237 } ,
          {
            id
              str "e_value" ,
            value
              real { 326358162, 10, -127 } } ,
          {
            id
              str "bit_score" ,
            value
              real { 438776261, 10, -6 } } ,
          {
            id
              str "num_ident" ,
            value
              int 249 } ,
          {
            id
              str "hsp_percent_coverage" ,
            value
              real { 974581749, 10, -7 } } } ,
        segs
          denseg {
            dim 2 ,
            numseg 1 ,
            ids {
              local
                str "query" ,
              gi 57868229 } ,
            starts {
              0 ,
              21 } ,
            lens {
              255 } ,
            strands {
              plus ,
              plus } } } ,
      {
        type partial ,
        dim 2 ,
        score {
          {
            id
              str "score" ,
            value
              int 237 } ,
          {
            id
              str "blast_score" ,
            value
              int 237 } ,
          {
            id
              str "e_value" ,
            value
              real { 326358162, 10, -127 } } ,
          {
            id
              str "bit_score" ,
            value
              real { 438776261, 10, -6 } } ,
          {
            id
              str "num_ident" ,
            value
              int 249 } ,
          {
            id
              str "hsp_percent_coverage" ,
            value
              real { 974581749, 10, -7 } } } ,
        segs
          denseg {
            dim 2 ,
            numseg 1 ,
            ids {
              local
                str "query" ,
              gi 57868189 } ,
            starts {
              0 ,
              21 } ,
            lens {
              255 } ,
            strands {
              plus ,
              plus } } } ,
      {
        type partial ,
        dim 2 ,
        score {
          {
            id
              str "score" ,
            value
              int 237 } ,
          {
            id
              str "blast_score" ,
            value
              int 237 } ,
          {
            id
              str "e_value" ,
            value
              real { 326358162, 10, -127 } } ,
          {
            id
              str "bit_score" ,
            value
              real { 438776261, 10, -6 } } ,
          {
            id
              str "num_ident" ,
            value
              int 249 } ,
          {
            id
              str "hsp_percent_coverage" ,
            value
              real { 974581749, 10, -7 } } } ,
        segs
          denseg {
            dim 2 ,
            numseg 1 ,
            ids {
              local
                str "query" ,
              gi 212011950 } ,
            starts {
              0 ,
              1586865 } ,
            lens {
              255 } ,
            strands {
              minus ,
              plus } } } ,
      {
        type partial ,
        dim 2 ,
        score {
          {
            id
              str "score" ,
            value
              int 237 } ,
          {
            id
              str "blast_score" ,
            value
              int 237 } ,
          {
            id
              str "e_value" ,
            value
              real { 326358162, 10, -127 } } ,
          {
            id
              str "bit_score" ,
            value
              real { 438776261, 10, -6 } } ,
          {
            id
              str "num_ident" ,
            value
              int 249 } ,
          {
            id
              str "hsp_percent_coverage" ,
            value
              real { 974581749, 10, -7 } } } ,
        segs
          denseg {
            dim 2 ,
            numseg 1 ,
            ids {
              local
                str "query" ,
              gi 212010078 } ,
            starts {
              0 ,
              1542133 } ,
            lens {
              255 } ,
            strands {
              minus ,
              plus } } } ,
      {
        type partial ,
        dim 2 ,
        score {
          {
            id
              str "score" ,
            value
              int 237 } ,
          {
            id
              str "blast_score" ,
            value
              int 237 } ,
          {
            id
              str "e_value" ,
            value
              real { 326358162, 10, -127 } } ,
          {
            id
              str "bit_score" ,
            value
              real { 438776261, 10, -6 } } ,
          {
            id
              str "num_ident" ,
            value
              int 249 } ,
          {
            id
              str "hsp_percent_coverage" ,
            value
              real { 974581749, 10, -7 } } } ,
        segs
          denseg {
            dim 2 ,
            numseg 1 ,
            ids {
              local
                str "query" ,
              gi 46094952 } ,
            starts {
              0 ,
              21 } ,
            lens {
              255 } ,
            strands {
              plus ,
              plus } } } ,
      {
        type partial ,
        dim 2 ,
        score {
          {
            id
              str "score" ,
            value
              int 237 } ,
          {
            id
              str "blast_score" ,
            value
              int 237 } ,
          {
            id
              str "e_value" ,
            value
              real { 326358162, 10, -127 } } ,
          {
            id
              str "bit_score" ,
            value
              real { 438776261, 10, -6 } } ,
          {
            id
              str "num_ident" ,
            value
              int 249 } ,
          {
            id
              str "hsp_percent_coverage" ,
            value
              real { 974581749, 10, -7 } } } ,
        segs
          denseg {
            dim 2 ,
            numseg 1 ,
            ids {
              local
                str "query" ,
              gi 46094902 } ,
            starts {
              0 ,
              21 } ,
            lens {
              255 } ,
            strands {
              plus ,
              plus } } } ,
      {
        type partial ,
        dim 2 ,
        score {
          {
            id
              str "score" ,
            value
              int 237 } ,
          {
            id
              str "blast_score" ,
            value
              int 237 } ,
          {
            id
              str "e_value" ,
            value
              real { 326358162, 10, -127 } } ,
          {
            id
              str "bit_score" ,
            value
              real { 438776261, 10, -6 } } ,
          {
            id
              str "num_ident" ,
            value
              int 249 } ,
          {
            id
              str "hsp_percent_coverage" ,
            value
              real { 974581749, 10, -7 } } } ,
        segs
          denseg {
            dim 2 ,
            numseg 1 ,
            ids {
              local
                str "query" ,
              gi 1125848446 } ,
            starts {
              0 ,
              1586774 } ,
            lens {
              255 } ,
            strands {
              minus ,
              plus } } } ,
      {
        type partial ,
        dim 2 ,
        score {
          {
            id
              str "score" ,
            value
              int 237 } ,
          {
            id
              str "blast_score" ,
            value
              int 237 } ,
          {
            id
              str "e_value" ,
            value
              real { 326358162, 10, -127 } } ,
          {
            id
              str "bit_score" ,
            value
              real { 438776261, 10, -6 } } ,
          {
            id
              str "num_ident" ,
            value
              int 248 } ,
          {
            id
              str "hsp_percent_coverage" ,
            value
              real { 974581749, 10, -7 } } } ,
        segs
          denseg {
            dim 2 ,
            numseg 1 ,
            ids {
              local
                str "query" ,
              gi 1269148089 } ,
            starts {
              0 ,
              441889 } ,
            lens {
              255 } ,
            strands {
              plus ,
              plus } } } ,
      {
        type partial ,
        dim 2 ,
        score {
          {
            id
              str "score" ,
            value
              int 237 } ,
          {
            id
              str "blast_score" ,
            value
              int 237 } ,
          {
            id
              str "e_value" ,
            value
              real { 326358162, 10, -127 } } ,
          {
            id
              str "bit_score" ,
            value
              real { 438776261, 10, -6 } } ,
          {
            id
              str "num_ident" ,
            value
              int 248 } ,
          {
            id
              str "hsp_percent_coverage" ,
            value
              real { 974581749, 10, -7 } } } ,
        segs
          denseg {
            dim 2 ,
            numseg 1 ,
            ids {
              local
                str "query" ,
              gi 1269146184 } ,
            starts {
              0 ,
              441894 } ,
            lens {
              255 } ,
            strands {
              plus ,
              plus } } } ,
      {
        type partial ,
        dim 2 ,
        score {
          {
            id
              str "score" ,
            value
              int 237 } ,
          {
            id
              str "blast_score" ,
            value
              int 237 } ,
          {
            id
              str "e_value" ,
            value
              real { 326358162, 10, -127 } } ,
          {
            id
              str "bit_score" ,
            value
              real { 438776261, 10, -6 } } ,
          {
            id
              str "num_ident" ,
            value
              int 249 } ,
          {
            id
              str "hsp_percent_coverage" ,
            value
              real { 974581749, 10, -7 } } } ,
        segs
          denseg {
            dim 2 ,
            numseg 1 ,
            ids {
              local
                str "query" ,
              gi 1269130839 } ,
            starts {
              0 ,
              1504561 } ,
            lens {
              255 } ,
            strands {
              minus ,
              plus } } }
      