Seq-annot ::= {
  data
    align {
      {
        type partial ,
        dim 2 ,
        score {
          {
            id
              str "score" ,
            value
              int 70 } ,
          {
            id
              str "blast_score" ,
            value
              int 70 } ,
          {
            id
              str "e_value" ,
            value
              real { 378491133, 10, -35 } } ,
          {
            id
              str "bit_score" ,
            value
              real { 130385769, 10, -6 } } ,
          {
            id
              str "num_ident" ,
            value
              int 70 } ,
          {
            id
              str "hsp_percent_coverage" ,
            value
              real { 1, 10, 2 } } } ,
        segs
          denseg {
            dim 2 ,
            numseg 1 ,
            ids {
              local
                str "query" ,
              gi 218464261 } ,
            starts {
              0 ,
              1248 } ,
            lens {
              70 } ,
            strands {
              plus ,
              plus } } } } }
