Seq-annot ::= {
  data
    align {
      {
        type partial ,
        dim 2 ,
        score {
          {
            id
              str "score" ,
            value
              int 242 } ,
          {
            id
              str "blast_score" ,
            value
              int 242 } ,
          {
            id
              str "e_value" ,
            value
              real { 492751829, 10, -130 } } ,
          {
            id
              str "bit_score" ,
            value
              real { 44800951, 10, -5 } } ,
          {
            id
              str "num_ident" ,
            value
              int 242 } ,
          {
            id
              str "hsp_percent_coverage" ,
            value
              real { 1, 10, 2 } } } ,
        segs
          denseg {
            dim 2 ,
            numseg 1 ,
            ids {
              local
                str "query" ,
              gi 148744 } ,
            starts {
              0 ,
              0 } ,
            lens {
              242 } ,
            strands {
              plus ,
              plus } } } ,
      {
        type partial ,
        dim 2 ,
        score {
          {
            id
              str "score" ,
            value
              int 141 } ,
          {
            id
              str "blast_score" ,
            value
              int 141 } ,
          {
            id
              str "e_value" ,
            value
              real { 688999435, 10, -74 } } ,
          {
            id
              str "bit_score" ,
            value
              real { 261497895, 10, -6 } } ,
          {
            id
              str "num_ident" ,
            value
              int 160 } ,
          {
            id
              str "hsp_percent_coverage" ,
            value
              real { 699214876, 10, -7 } } } ,
        segs
          denseg {
            dim 2 ,
            numseg 11 ,
            ids {
              local
                str "query" ,
              gi 12057215 } ,
            starts {
              0 ,
              417871 ,
              64 ,
              -1 ,
              65 ,
              417935 ,
              97 ,
              -1 ,
              98 ,
              417967 ,
              100 ,
              -1 ,
              101 ,
              417969 ,
              160 ,
              -1 ,
              161 ,
              418028 ,
              164 ,
              -1 ,
              165 ,
              418031 } ,
            lens {
              64 ,
              1 ,
              32 ,
              1 ,
              2 ,
              1 ,
              59 ,
              1 ,
              3 ,
              1 ,
              3 } ,
            strands {
              plus ,
              plus ,
              plus ,
              plus ,
              plus ,
              plus ,
              plus ,
              plus ,
              plus ,
              plus ,
              plus ,
              plus ,
              plus ,
              plus ,
              plus ,
              plus ,
              plus ,
              plus ,
              plus ,
              plus ,
              plus ,
              plus } } } ,
      {
        type partial ,
        dim 2 ,
        score {
          {
            id
              str "score" ,
            value
              int 141 } ,
          {
            id
              str "blast_score" ,
            value
              int 141 } ,
          {
            id
              str "e_value" ,
            value
              real { 688999435, 10, -74 } } ,
          {
            id
              str "bit_score" ,
            value
              real { 261497895, 10, -6 } } ,
          {
            id
              str "num_ident" ,
            value
              int 160 } ,
          {
            id
              str "hsp_percent_coverage" ,
            value
              real { 699214876, 10, -7 } } } ,
        segs
          denseg {
            dim 2 ,
            numseg 11 ,
            ids {
              local
                str "query" ,
              gi 167726115 } ,
            starts {
              0 ,
              409148 ,
              64 ,
              -1 ,
              65 ,
              409212 ,
              97 ,
              -1 ,
              98 ,
              409244 ,
              100 ,
              -1 ,
              101 ,
              409246 ,
              160 ,
              -1 ,
              161 ,
              409305 ,
              164 ,
              -1 ,
              165 ,
              409308 } ,
            lens {
              64 ,
              1 ,
              32 ,
              1 ,
              2 ,
              1 ,
              59 ,
              1 ,
              3 ,
              1 ,
              3 } ,
            strands {
              plus ,
              plus ,
              plus ,
              plus ,
              plus ,
              plus ,
              plus ,
              plus ,
              plus ,
              plus ,
              plus ,
              plus ,
              plus ,
              plus ,
              plus ,
              plus ,
              plus ,
              plus ,
              plus ,
              plus ,
              plus ,
              plus } } }
      