Welcome to blast_server
{"blast_tb_list":[{"asn1_blob":"30ffffff0a01030000ffff0201020000ffff31ff30ffffffffff1a0573636f726500000000ffffffff02016500000000000030ffffffffff1a0b626c6173745f73636f726500000000ffffffff02016500000000000030ffffffffff1a07655f76616c756500000000ffffffff091100312e333537353730353937313033313400000000000030ffffffffff1a096269745f73636f726500000000ffffffff09110034332e3531333338393434373639363700000000000030ffffffffff1a096e756d5f6964656e7400000000ffffffff02012100000000000030ffffffffff1a16636f6d705f61646a7573746d656e745f6d6574686f6400000000ffffffff02010100000000000030ffffffffff1a0d6e756d5f706f7369746976657300000000ffffffff02012900000000000030ffffffffff1a146873705f70657263656e745f636f76657261676500000000ffffffff091100392e343836313735313135323037333700000000000000000000ffffffff30ffffff0201020000ffff0201090000ffff30ffffffffff1a0b51756572795f393032363600000000ffff02041fffff0f000000000000ffff30ff020202ff020112020202ff0201ff020202ff020125020202ff0201ff020202ff02013a0201ff020145020202ff0201460201ff02014a020202ff02014b00000000ffff30ff02011302010102011502010602010b02010102010402010102011000000000ffff30ff0a01000a01000a01000a01000a01000a01000a01000a01000a01000a01000a01000a01000a01000a01000a01000a01000a01000a0100000000000000000000000000","oid":127229,"ties":[-3056,101,531147791]},{"asn1_blob":"30ffffff0a01030000ffff0201020000ffff31ff30ffffffffff1a0573636f726500000000ffffffff02016400000000000030ffffffffff1a0b626c6173745f73636f726500000000ffffffff02016400000000000030ffffffffff1a07655f76616c756500000000ffffffff091000312e3931393738363134343431313700000000000030ffffffffff1a096269745f73636f726500000000ffffffff09110034332e3132383138393837313737393300000000000030ffffffffff1a096e756d5f6964656e7400000000ffffffff02012100000000000030ffffffffff1a16636f6d705f61646a7573746d656e745f6d6574686f6400000000ffffffff02010100000000000030ffffffffff1a0d6e756d5f706f7369746976657300000000ffffffff02012900000000000030ffffffffff1a146873705f70657263656e745f636f76657261676500000000ffffffff091100392e343836313735313135323037333700000000000000000000ffffffff30ffffff0201020000ffff0201090000ffff30ffffffffff1a0b51756572795f393032363600000000ffff02041fff7452000000000000ffff30ff020202ff020112020202ff0201ff020202ff020125020202ff0201ff020202ff02013a0201ff020145020202ff0201460201ff02014a020202ff02014b00000000ffff30ff02011302010102011502010602010b02010102010402010102011000000000ffff30ff0a01000a01000a01000a01000a01000a01000a01000a01000a01000a01000a01000a01000a01000a01000a01000a01000a01000a0100000000000000000000000000","oid":118965,"ties":[-6522,100,531133522]},{"asn1_blob":"30ffffff0a01030000ffff0201020000ffff31ff30ffffffffff1a0573636f726500000000ffffffff02016100000000000030ffffffffff1a0b626c6173745f73636f726500000000ffffffff02016100000000000030ffffffffff1a07655f76616c756500000000ffffffff091100342e303233303232363732363533323800000000000030ffffffffff1a096269745f73636f726500000000ffffffff09110034312e3937323539313134343032373300000000000030ffffffffff1a096e756d5f6964656e7400000000ffffffff02012100000000000030ffffffffff1a16636f6d705f61646a7573746d656e745f6d6574686f6400000000ffffffff02010100000000000030ffffffffff1a0d6e756d5f706f7369746976657300000000ffffffff02012700000000000030ffffffffff1a146873705f70657263656e745f636f76657261676500000000ffffffff091100392e343836313735313135323037333700000000000000000000ffffffff30ffffff0201020000ffff0201090000ffff30ffffffffff1a0b51756572795f393032363600000000ffff02041fff02ff000000000000ffff30ff020202ff020106020202ff0201ff020202ff020114020202ff0201ff020202ff02012b0201ff020136020202ff0201370201ff02013b020202ff02013c00000000ffff30ff02010e02010402011702010602010b02010102010402010102011000000000ffff30ff0a01000a01000a01000a01000a01000a01000a01000a01000a01000a01000a01000a01000a01000a01000a01000a01000a01000a0100000000000000000000000000","oid":118965,"ties":[-13920,97,531628737]}],"protocol":"traceback-results-1.0"}