HSP:   HSPLIST          oid = 16374    max_score = 61         blob = 40 bytes:       f63f0000 3d000000 00000000 46000000 01000000 2e000000 49010000 8f010000 01000000 77010000  
HSP:   HSPLIST          oid = 19059    max_score = 70         blob = 40 bytes:       734a0000 46000000 00000000 46000000 01000000 12000000 4e010000 94010000 01000000 60010000  
TB:   TBLIST   evalue=493187 score=61 seqid=61992251   375 bytes in ASN.1 blob          3080a080 0a010300 00a18002 01020000 a2803180 3080a080 a1801a05 73636f72          65000000 00a180a1 8002013d 00000000 00003080 a080a180 1a0b626c 6173745f          73636f72 65000000 00a180a1 8002013d 00000000 00003080 a080a180 1a07655f          76616c75 65000000 00a180a0 80091500 332e3831 31373832 37363131 37383139          652d3232 00000000 00003080 a080a180 1a096269 745f7363 6f726500 000000a1          80a08009 11003131 332e3736 35393233 30323633 32380000 00000000 3080a080          a1801a09 6e756d5f 6964656e 74000000 00a180a1 80020143 00000000 00003080          a080a180 1a146873 705f7065 7263656e 745f636f 76657261 67650000 0000a180          a0800904 00313030 00000000 00000000 0000a380 a1803080 a0800201 020000a1          80020101 0000a280 3080a080 a1801a05 71756572 79000000 00ab8002 0403b1ed          3b000000 000000a3 80308002 01000202 01490000 0000a480 30800201 46000000          00a58030 800a0101 0a010100 00000000 00000000 000000 
TB:   TBLIST   evalue=608387 score=70 seqid=62123278   375 bytes in ASN.1 blob          3080a080 0a010300 00a18002 01020000 a2803180 3080a080 a1801a05 73636f72          65000000 00a180a1 80020146 00000000 00003080 a080a180 1a0b626c 6173745f          73636f72 65000000 00a180a1 80020146 00000000 00003080 a080a180 1a07655f          76616c75 65000000 00a180a0 80091500 332e3738 34393131 33333430 30383733          652d3237 00000000 00003080 a080a180 1a096269 745f7363 6f726500 000000a1          80a08009 11003133 302e3338 35373639 38393733 36390000 00000000 3080a080          a1801a09 6e756d5f 6964656e 74000000 00a180a1 80020146 00000000 00003080          a080a180 1a146873 705f7065 7263656e 745f636f 76657261 67650000 0000a180          a0800904 00313030 00000000 00000000 0000a380 a1803080 a0800201 020000a1          80020101 0000a280 3080a080 a1801a05 71756572 79000000 00ab8002 0403b3ed          0e000000 000000a3 80308002 01000202 014e0000 0000a480 30800201 46000000          00a58030 800a0101 0a010100 00000000 00000000 000000 
