RID AFEVGBJD014 prelim_search JSON: []
RID AFEVGBJD014 traceback JSON:[]
