RID AFEVKCK9014 prelim_search JSON: []
RID AFEVKCK9014 traceback JSON:[]
