RID AFEVJ4EE014 prelim_search JSON: []
RID AFEVJ4EE014 traceback JSON:[]
